{
    "0:00:00":{
        "IAmFalse": false,
        "NearlyOne": 0.99,
        "SoZero": 0
    },
    "0:00:01":{
        "IAmTrue": true,
        "NearlyOne": 0.999,
        "MinusOne": -1
    }
}
