
{
    "tenant": "srxfut2internal20",
    "_id": "srxfut2internal20_rc_srx_qa_na_fut2_003_TrainingRecorder_1648835260452_1648835387254",
    "processing_list": ["Anonymize", "CHC"],
    "snapshots": "0",
    "data_status": "complete",
    "last_updated": "2022-04-01 19:16:49",
    "length": "0:02:08",
    "lq_video": {
        "id": "srxfut2internal20_rc_srx_qa_na_fut2_003_InteriorRecorder_1648835260452_1648835387254",
        "length": "0:02:08",
        "time": "2022-04-01 17:47:40",
        "resolution": "640x360",
        "snapshots": "0"
    },
    "time": "2022-04-01 17:47:40",
    "resolution": "1280x720",
    "description": null,
    "deviceID": "rc_srx_qa_na_fut2_003",
    "lengthCHC": 15.859872611465,
    "number_chc_events": 1
}
