{
    "0:00:01":{
        "IAmFalse": false,
        "NearlyOne": 0.99,
        "SoZero": 0,
        "interior_camera_health_response_cvb": 1,
        "interior_camera_health_response_cve": 1,
        "PersonCount_confidence": 1.0,
        "PersonCount_value": 1.0
    },
    "0:00:02":{
        "IAmTrue": true,
        "NearlyOne": 0.999,
        "MinusOne": -1,
        "interior_camera_health_response_cvb": 1,
        "interior_camera_health_response_cve": 1,
        "PersonCount_confidence": 1.0,
        "PersonCount_value": 0.0,
        "RideInfo_confidence": 0.0,
        "RideInfo_people_count_after_confidence": 1.0,
        "RideInfo_people_count_during_confidence": 1.0,
        "RideInfo_local_endtime_ms": 0,
        "RideInfo_local_startime_ms": 17893463,
        "RideInfo_people_count_after_value": 0,
        "RideInfo_people_count_during_value": 0,
        "RideInfo_people_count_before_confidence": 0.975524,
        "RideInfo_people_count_before_value": 1
    },
    "0:00:03":{
        "IAmTrue": true,
        "NearlyOne": 0.999,
        "DoorClosedConfidence": 0.325,
        "MinusOne": -1,
        "interior_camera_health_response_cvb": 0,
        "interior_camera_health_response_cve": 0,
        "PersonCount_confidence": 1.0,
        "PersonCount_value": 0.0
    }
}
